// Jest Snapshot v1, https://goo.gl/fbAQLP

exports[`should render Image corectly 1`] = `ShallowWrapper {}`;
