// Jest Snapshot v1, https://goo.gl/fbAQLP

exports[`should render Form corectly 1`] = `ShallowWrapper {}`;
