// Jest Snapshot v1, https://goo.gl/fbAQLP

exports[`should render FormContainer corectly 1`] = `ShallowWrapper {}`;
