// Jest Snapshot v1, https://goo.gl/fbAQLP

exports[`should render Tile corectly 1`] = `
<div
  className="tile"
>
  <Image />
  <Title />
</div>
`;
