// Jest Snapshot v1, https://goo.gl/fbAQLP

exports[`should render Title corectly 1`] = `
<div
  className="title"
>
  <p />
</div>
`;
